Traceback (most recent call last):
  File "/home/deployer/laion/bookwriter/distill/meta_layer.py", line 447, in <module>
    raise SystemExit(main())
                     ~~~~^^
  File "/home/deployer/laion/bookwriter/distill/meta_layer.py", line 345, in main
    events = json.loads(Path(a.events).read_text(encoding="utf-8"))["events"]
                        ~~~~~~~~~~~~~~~~~~~~~~~~^^^^^^^^^^^^^^^^^^
  File "/usr/lib/python3.13/pathlib/_local.py", line 548, in read_text
    return PathBase.read_text(self, encoding, errors, newline)
           ~~~~~~~~~~~~~~~~~~^^^^^^^^^^^^^^^^^^^^^^^^^^^^^^^^^
  File "/usr/lib/python3.13/pathlib/_abc.py", line 632, in read_text
    with self.open(mode='r', encoding=encoding, errors=errors, newline=newline) as f:
         ~~~~~~~~~^^^^^^^^^^^^^^^^^^^^^^^^^^^^^^^^^^^^^^^^^^^^^^^^^^^^^^^^^^^^^
  File "/usr/lib/python3.13/pathlib/_local.py", line 539, in open
    return io.open(self, mode, buffering, encoding, errors, newline)
           ~~~~~~~^^^^^^^^^^^^^^^^^^^^^^^^^^^^^^^^^^^^^^^^^^^^^^^^^^
FileNotFoundError: [Errno 2] No such file or directory: 'runs/events_build10_full/events.json'
Traceback (most recent call last):
  File "/home/deployer/laion/bookwriter/distill/meta_revise.py", line 127, in <module>
    raise SystemExit(main())
                     ~~~~^^
  File "/home/deployer/laion/bookwriter/distill/meta_revise.py", line 50, in main
    meta = json.loads(Path(a.meta).read_text(encoding="utf-8"))
                      ~~~~~~~~~~~~~~~~~~~~~~^^^^^^^^^^^^^^^^^^
  File "/usr/lib/python3.13/pathlib/_local.py", line 548, in read_text
    return PathBase.read_text(self, encoding, errors, newline)
           ~~~~~~~~~~~~~~~~~~^^^^^^^^^^^^^^^^^^^^^^^^^^^^^^^^^
  File "/usr/lib/python3.13/pathlib/_abc.py", line 632, in read_text
    with self.open(mode='r', encoding=encoding, errors=errors, newline=newline) as f:
         ~~~~~~~~~^^^^^^^^^^^^^^^^^^^^^^^^^^^^^^^^^^^^^^^^^^^^^^^^^^^^^^^^^^^^^
  File "/usr/lib/python3.13/pathlib/_local.py", line 539, in open
    return io.open(self, mode, buffering, encoding, errors, newline)
           ~~~~~~~^^^^^^^^^^^^^^^^^^^^^^^^^^^^^^^^^^^^^^^^^^^^^^^^^^
FileNotFoundError: [Errno 2] No such file or directory: 'runs/meta_layer/meta.json'
events: 46 | scenes covered: 214
stage 1 — four analysts in parallel
  themes: 1 item(s)
  external: 5 item(s)
  internal: 6 item(s)
  relationships: 6 item(s)
  perspectives: 5 item(s)
audit round 1: 1 faults
audit round 2: 1 faults
verbatim gate: 0 exact runs
wrote runs/meta_layer/meta.json
PASS | mean 4.333 | weakest M5 (3) -> runs/meta_layer/judgement.json
{
 "M1": 4,
 "M2": 4,
 "M3": 5,
 "M4": 5,
 "M5": 3,
 "M6": 5
}
Traceback (most recent call last):
  File "/home/deployer/laion/bookwriter/distill/meta_revise.py", line 127, in <module>
    raise SystemExit(main())
                     ~~~~^^
  File "/home/deployer/laion/bookwriter/distill/meta_revise.py", line 60, in main
    critique = "\n".join(
        "{} = {} -- {}".format(d, judgement["scores"][d],
                               judgement["evidence"].get(d, ""))
        for d in judgement["scores"])
  File "/home/deployer/laion/bookwriter/distill/meta_revise.py", line 62, in <genexpr>
    judgement["evidence"].get(d, ""))
    ^^^^^^^^^^^^^^^^^^^^^^^^^
AttributeError: 'NoneType' object has no attribute 'get'
PASS | mean 5 | weakest M1 (5) -> runs/meta_layer/judgement.json
{
 "M1": 5,
 "M2": 5,
 "M3": 5,
 "M4": 5,
 "M5": 5,
 "M6": 5
}
  themes rewritten
  external rewritten
  internal rewritten
  relationships rewritten
  perspectives rewritten
audit round 1: 1 faults
audit round 2: 1 faults
wrote runs/meta_layer_v2/meta.json
PASS | mean 4.833 | weakest M5 (4) -> runs/meta_layer_v2/judgement.json
{
 "M1": 5,
 "M2": 5,
 "M3": 5,
 "M4": 5,
 "M5": 4,
 "M6": 5
}
