prompt 60,323 chars — scoring …
scored in 118s · $0.079
validation: clean

age rating   : PG-13
genre mass   : 36 across 13 non-zero genres
dominant     :
  5  drama                    Household debt, the indefensible lie, and whether to present the fraud carry every turn.
  5  fantasy                  The Hold compact and the living levy bound in the relic are the story's spine.
  4  family_drama             What she owes Orren for raising, craft, and the lie structures the second plot and ending.
  4  low_fantasy              Ordinary metallurgy and hungry raiders; magic only as a hidden bodily levy in one object.
  3  mystery                  False weight, Orren's weld, and the inclusion reveal the levy and reframe the compact.
salient dimensions:
  5  moral_ambiguity            Old reasons were good; they do not hold; presenting the fraud saves th
  5  relationship_centrality    Settling what she owes Orren is the engine of meaning and of the endin
  4  bittersweetness            Grain-right held a year; she will leave; he keeps paying; the anvil is
  4  character_complexity       Orren's expired good reasons; Willa cannot clear the debt and partitio
  4  conflict_density           Retrieval, household debt, present-or-expose, and a levy that cannot b
  4  emotional_depth            Craft talk carries what she owes him and the pardon she refuses to gra
  4  empathy_elicitation        Frost-split hands, unpaid raising, and the true bar leveling invite fe
  4  philosophical_depth        Binding, expired reasons, what a house is owed, authenticity the Hold 
  4  symbolism_allegory         False weight, the balance-arm, and a true bar coming level carry the a
  4  transformation_arc         Goal shifts from retrieval to partitioned debt: winter work, silence, 
  4  worldbuilding_detail       Compact, tithe, pass physiology, and ordinary metallurgy constrain eve
  3  arousal                    Pass crossing and recovery, then the bind between exposing the piece a
  3  emotional_range            Duty, frost pain, craft certainty, withheld pardon, residual care at t
  3  mystery_complexity         Weight, weld decade, flux, and inclusion planted then admitted as the 
  3  narrative_complexity       External relic-deadline and household-debt plots interlock on a linear
  3  pacing_intensity           Three-week clock, crossing, recovery, then compressed moral scenes bef
  3  suspense_threat            Closed pass and withheld grain press until presentation; then the levy

patched into runs/api-grok/artifacts/story_root.json
vector: [2, 0, 0, 0, 2, 2, 0, 0, 2, 2, 5, 0, 0, 0, 0, 0, 4, 5, 1, 0, 0, 0, 0, 4, 0, 0, 3, 0, 0, 0, 0, 0, 0, 0, 0, 0, 0, 0, 0, 0, 0, 0, 0, 0, 0, 2, 0, 2, 0, 0, 0, 0, 3, 4, 4, 2, 4, 1, 4, 3, 4, 0, 5, 3, 3, 3, 4, 5, 0, 0, 3, 4, 4, 2, 1, 4]
