narrativeforge · runs/api-grok · backend=hyprlab
  · scenes      batch 1/2: 7 events (54,562 prompt chars)
  · scenes      batch 2/2: 7 events (57,933 prompt chars)
    validation: clean (0 error(s), 1 warning(s))
  · prose       sc-001 (target 850 words)
  · prose       sc-002 (target 550 words)
  · prose       sc-003 (target 950 words)
  · prose       sc-004 (target 650 words)
  · prose       sc-005 (target 750 words)
  · prose       sc-006 (target 700 words)
  · prose       sc-007 (target 900 words)
  · prose       sc-008 (target 800 words)
  · prose       sc-009 (target 700 words)
  · prose       sc-010 (target 750 words)
  · prose       sc-011 (target 900 words)
  · prose       sc-012 (target 850 words)
  · prose       sc-013 (target 750 words)
  · prose       sc-014 (target 550 words)

validation: 0 error(s), 1 warning(s)
usage: 16 calls · 323,654 in · 39,163 out · 173,206 reasoning · $1.73
