HTTP 200 in 485s
finish_reason=stop  content=62,781 chars
prompt=5,731  completion=15,018  reasoning=8,152
cost for this one transition: $0.135

--- structural depth ---
  characters                   2
  nonmind_entities             3
  tom_towers                   4
  tom_depth3                   4
  tom_with_error               4
  trajectory_phases            8
  dynamics_phases              7
  felt_expressed_divergence    2
  sense_channels_filled        14
  impairments_active           8
  options_weighed              8
  facts_cited                  10
  facts_with_source            10
  alternatives_rejected        5
  words                        10187

  verdict: pass
