LOCAL RECONSTRUCTION · http://127.0.0.1:8100/v1 · thinking=off
  scenes: sc-001

  === sc-001 ===
    characters: ['ch-01', 'ch-02']
    ! speakers with no entity: ['BIG COP']
      craft                        27s  in= 11,431 out= 1,640  61.0 t/s  think=     0c
      psych.ch-01                 117s  in= 10,944 out= 4,628  39.7 t/s  think=     0c
      psych.ch-02                  54s  in=  9,694 out= 3,506  64.5 t/s  think=     0c
      specimen                     18s  in=  4,646 out= 1,378  78.6 t/s  think=     0c
      dynamics                     30s  in=  3,802 out= 2,560  86.7 t/s  think=     0c
      continuity                   12s  in=  1,837 out= 1,073  91.2 t/s  think=     0c
    grounding: 0 violation(s)

  LOCAL scaffolded · sc-001 · 4.3 min · 6 calls
    violations 3    words  8,855   psych 2/2 w/ trajectory, 2/2 complete
    ToM 4 towers (4 at depth 3)   specimen 10 lines   alts 2 (1 close)   dynamics 3
    verdict: pass
  hosted scaffolded
    violations 0    words 11,222   psych 2/2 w/ trajectory, 2/2 complete
    ToM 4 towers (4 at depth 3)   specimen 7 lines   alts 2 (1 close)   dynamics 4
    verdict: pass
  hosted single-call
    violations 16   words  3,898   psych 0/2 w/ trajectory, 0/2 complete
    ToM 2 towers (2 at depth 3)   specimen 0 lines   alts 2 (0 close)   dynamics 1
    verdict: thin
      gap: trajectories are snapshots, not arcs
      gap: every alternative lost by a mile — the choice was already made
      gap: no specimen exchange — the analysis is untested until someone speaks
      gap: risks never checked against the actual lines

========================================================================
  1 scenes · 6 calls · 4.3 min wall
  tokens: 42,354 in · 14,785 out
  decode: 57.6 tok/s mean over all calls
  per scene: 4.3 min
  reasoning_content returned: 0 chars
  extrapolated to all 224 scenes: 16.0 h
  -> runs/matrix/transitions_qwen_grounded
