LOCAL RECONSTRUCTION · http://127.0.0.1:8101/v1 · thinking=off
  scenes: sc-002

  === sc-002 ===
    characters: ['ch-04']
    ! speakers with no entity: ['LIEUTENANT']
      craft                        51s  in= 11,490 out= 1,846  35.9 t/s  think=     0c
      psych.ch-04                  56s  in=  9,809 out= 3,975  70.7 t/s  think=     0c
      specimen                     13s  in=  4,344 out= 1,090  82.3 t/s  think=     0c
      dynamics                     59s  in=  4,009 out= 1,940  33.0 t/s  think=     0c
      continuity                   15s  in=  1,962 out=   844  57.3 t/s  think=     0c
    grounding: 0 violation(s)

  LOCAL scaffolded · sc-002 · 3.2 min · 5 calls
    violations 3    words  5,522   psych 1/1 w/ trajectory, 1/1 complete
    ToM 1 towers (1 at depth 3)   specimen 6 lines   alts 2 (1 close)   dynamics 3
    verdict: pass
  hosted scaffolded
    violations 0    words 10,642   psych 1/1 w/ trajectory, 1/1 complete
    ToM 2 towers (2 at depth 3)   specimen 7 lines   alts 2 (1 close)   dynamics 5
    verdict: pass
  hosted single-call
    violations 41   words  3,601   psych 2/4 w/ trajectory, 0/4 complete
    ToM 3 towers (3 at depth 3)   specimen 0 lines   alts 3 (0 close)   dynamics 1
    verdict: thin
      gap: not every character reasons to the third degree
      gap: trajectories are snapshots, not arcs
      gap: sensorium thin
      gap: every alternative lost by a mile — the choice was already made
      gap: no specimen exchange — the analysis is untested until someone speaks
      gap: risks never checked against the actual lines

========================================================================
  1 scenes · 5 calls · 3.2 min wall
  tokens: 31,614 in · 9,695 out
  decode: 49.8 tok/s mean over all calls
  per scene: 3.2 min
  reasoning_content returned: 0 chars
  extrapolated to all 224 scenes: 12.1 h
  -> runs/matrix/transitions_qwen_grounded
