LOCAL RECONSTRUCTION · http://127.0.0.1:8105/v1 · thinking=off
  scenes: sc-002

  === sc-002 ===
    characters: ['ch-04']
    ! speakers with no entity: ['LIEUTENANT']
      craft                        23s  in= 12,359 out= 1,320  58.3 t/s  think=     0c
      psych.ch-04                  65s  in= 10,154 out= 4,497  68.9 t/s  think=     0c
      specimen                     14s  in=  4,726 out= 1,110  76.8 t/s  think=     0c
      dynamics                      2s  in=  4,354 out=     2   1.3 t/s  think=     0c
      continuity                    8s  in=  2,636 out=   626  80.4 t/s  think=     0c

  LOCAL scaffolded · sc-002 · 1.9 min · 5 calls
    violations 0    words  4,751   psych 1/1 w/ trajectory, 1/1 complete
    ToM 2 towers (2 at depth 3)   specimen 8 lines   alts 2 (1 close)   dynamics 0
    verdict: pass
  hosted scaffolded
    violations 0    words 10,642   psych 1/1 w/ trajectory, 1/1 complete
    ToM 2 towers (2 at depth 3)   specimen 7 lines   alts 2 (1 close)   dynamics 5
    verdict: pass
  hosted single-call
    violations 41   words  3,601   psych 2/4 w/ trajectory, 0/4 complete
    ToM 3 towers (3 at depth 3)   specimen 0 lines   alts 3 (0 close)   dynamics 1
    verdict: thin
      gap: not every character reasons to the third degree
      gap: trajectories are snapshots, not arcs
      gap: sensorium thin
      gap: every alternative lost by a mile — the choice was already made
      gap: no specimen exchange — the analysis is untested until someone speaks
      gap: risks never checked against the actual lines

========================================================================
  1 scenes · 5 calls · 1.9 min wall
  tokens: 34,229 in · 7,555 out
  decode: 67.6 tok/s mean over all calls
  per scene: 1.9 min
  reasoning_content returned: 0 chars
  extrapolated to all 224 scenes: 7.0 h
  -> runs/matrix/transitions_qwen_addendum
