SWARM · 224 scenes · 8 endpoints × 8 = 64 concurrent

  stage 1 — scene nodes, blind of the tree
      1-scenes: 22/224  112s
      1-scenes: 44/224  166s
      1-scenes: 66/224  225s
      1-scenes: 88/224  270s
      1-scenes: 110/224  322s
      1-scenes: 132/224  368s
      1-scenes: 154/224  426s
      1-scenes: 176/224  469s
      1-scenes: 198/224  505s
      1-scenes: 220/224  521s
      1-scenes: 224/224  527s
    [1-scenes] 8.8 min · 224/224 ok · 101,109 out · 22 check violation(s)
      ! sc-015: change for 'NEO', who is not listed present
      ! sc-032: change for 'Nebuchadnezzar Crew', who is not listed present
      ! sc-054: change for 'MORPHEUS', who is not listed present
      ! sc-065: change for 'Nebuchadnezzar', who is not listed present
  stage 2 — event boundaries
      2a-windows: 4/44  6s
      2a-windows: 8/44  6s
      2a-windows: 12/44  7s
      2a-windows: 16/44  7s
      2a-windows: 20/44  8s
      2a-windows: 24/44  8s
      2a-windows: 28/44  8s
      2a-windows: 32/44  9s
      2a-windows: 36/44  10s
      2a-windows: 40/44  10s
      2a-windows: 44/44  11s
      2b-reconcile: 1/11  5s
      2b-reconcile: 2/11  7s
      2b-reconcile: 3/11  7s
      2b-reconcile: 4/11  9s
      2b-reconcile: 5/11  11s
      2b-reconcile: 6/11  11s
      2b-reconcile: 7/11  12s
      2b-reconcile: 8/11  12s
      2b-reconcile: 9/11  12s
      2b-reconcile: 10/11  13s
      2b-reconcile: 11/11  14s
    [2-boundaries] 1.3 min · 56/56 ok · 32,564 out · 0 check violation(s)
  stage 3 — event drafts
      3-events: 3/33  72s
      3-events: 6/33  74s
      3-events: 9/33  76s
      3-events: 12/33  77s
      3-events: 15/33  78s
      3-events: 18/33  78s
      3-events: 21/33  80s
      3-events: 24/33  83s
      3-events: 27/33  84s
      3-events: 30/33  89s
      3-events: 33/33  94s
    [3-events] 1.6 min · 33/33 ok · 37,541 out · 48 check violation(s)
      ! ev-001: participant 'Cypher' in none of its scenes
      ! ev-001: participant 'Trinity' in none of its scenes
      ! ev-002: participant 'Trinity' in none of its scenes
      ! ev-002: participant 'Big Cop' in none of its scenes
  stages 4 + 5 — plots and entities, concurrently
      4b-doctors: 1/6  10s
      4b-doctors: 2/6  11s
      4b-doctors: 3/6  11s
      4b-doctors: 4/6  12s
      4b-doctors: 5/6  14s
      4b-doctors: 6/6  21s
      5-entities: 1/4  48s
      5-entities: 2/4  49s
      5-entities: 3/4  67s
      5-entities: 4/4  249s
    [4-plots] 4.1 min · 8/8 ok · 5,073 out · 1 check violation(s)
      ! ev-033 belongs to no thread
    [5-entities] 4.1 min · 4/4 ok · 26,167 out · 0 check violation(s)
  stage 6 — entity profiles
      6-profiles: 4/40  70s
      6-profiles: 8/40  71s
      6-profiles: 12/40  74s
      6-profiles: 16/40  75s
      6-profiles: 20/40  75s
      6-profiles: 24/40  76s
      6-profiles: 28/40  78s
      6-profiles: 32/40  79s
      6-profiles: 36/40  86s
      6-profiles: 40/40  91s
    [6-profiles] 1.5 min · 40/40 ok · 35,678 out · 0 check violation(s)
  stage 7 — story root
    [7-root] 0.4 min · 1/1 ok · 685 out · 0 check violation(s)
  stage 8 — exposé and its doctors
      8b-doctors: 1/5  6s
      8b-doctors: 2/5  6s
      8b-doctors: 3/5  8s
      8b-doctors: 4/5  13s
      8b-doctors: 5/5  13s
    [8-expose] 0.6 min · 7/7 ok · 4,171 out · 0 check violation(s)

  TOTAL 18.4 min · 242,988 output tokens
