narrativeforge · runs/bennington · backend=hyprlab
  · scenes      batch 1/2: 9 events (80,735 prompt chars)
  · scenes      batch 2/2: 8 events (81,583 prompt chars)
    validation: clean (0 error(s), 1 warning(s))
  · prose       sc-001 (target 900 words)
  · prose       sc-002 (target 480 words)
  · prose       sc-003 (target 420 words)
  · prose       sc-004 (target 500 words)
  · prose       sc-005 (target 750 words)
  · prose       sc-006 (target 700 words)
  · prose       sc-007 (target 680 words)
  · prose       sc-008 (target 620 words)
  · prose       sc-009 (target 580 words)
  · prose       sc-010 (target 650 words)
  · prose       sc-011 (target 500 words)
  · prose       sc-012 (target 380 words)
  · prose       sc-013 (target 580 words)
  · prose       sc-014 (target 480 words)
  · prose       sc-015 (target 520 words)
  · prose       sc-016 (target 500 words)
  · prose       sc-017 (target 560 words)

validation: 0 error(s), 1 warning(s)
usage: 21 calls · 400,524 in · 51,740 out · 233,101 reasoning · $2.26
